
> animal-factory-tactics-3d@0.4.0 check
> node --check dist/tactics/visibility.js && node --check dist/tactics/blocks.js && node --check dist/tactics/design-store.js && node --check dist/tactics/environment.js && node --check dist/tactics/environment-renderer.js && node --check dist/tactics/sector-rules.js && node --check dist/tactics/view.js && node --check dist/tactics/map-validation-worker.js && node --check dist/tactics/maps.js && node --check dist/tactics/world.js && node --check dist/tactics/editor-model.js && node --check dist/tactics/editor.js && node --check dist/tactics/app.js && node --check dist/tactics/engine.js && node --check dist/app.js && node --check dist/engine.js && node --check dist/renderer.js && node --check dist/people.js && node --check dist/isometric.js && node --test tests/*.test.mjs && node tools/check-assets.mjs

✔ bodies cover every animal uniform with independent transparent PNGs (12.5606ms)
✔ body rendering preserves location and facing without drawing equipment (0.4778ms)
✔ 29572: closed connected surfaces, scale and species landmarks survive reduction (884.7628ms)
✔ 29572: normalized rig, fixed feet, independent rifle grips and neutral restoration (549.0201ms)
✔ 9998: closed connected surfaces, scale and species landmarks survive reduction (76.9ms)
✔ 9998: normalized rig, fixed feet, independent rifle grips and neutral restoration (165.2454ms)
✔ 10k variant is reduced from the stored 30k author, preserving every garment and head component (0.2513ms)
✔ finished explosive and flamethrower sprites suppress temporary equipment overlays (2.0643ms)
✔ every equipped weapon has artwork for the full cast, with a common ground baseline (1.9001ms)
✔ stance artwork covers every loadout and stays grounded while changing silhouette (1.7403ms)
✔ 29988: closed connected surfaces, scale and species landmarks survive reduction (629.7017ms)
✔ 29988: normalized rig, fixed feet, independent rifle grips and neutral restoration (431.1641ms)
✔ 10184: closed connected surfaces, scale and species landmarks survive reduction (67.6272ms)
✔ 10184: normalized rig, fixed feet, independent rifle grips and neutral restoration (210.1647ms)
✔ 10k variant is reduced from the stored 30k author, preserving every garment and head component (0.3715ms)
✔ depots accept only rations at the marked input in every rotation and stockpile 32 (4.4587ms)
✔ workers prefer a reachable stocked depot and each consume exactly one reserved portion (6.8048ms)
✔ unreachable or empty depots preserve conveyor-end fallback (8.5695ms)
✔ deleting a targeted depot cancels the trip and undo restores its stock (3.7646ms)
✔ full depot backs up the return belt but never blocks bread deliveries (384.2339ms)
✔ starter food chains deliver to depots and workers eat outside their footprints (259.4972ms)
✔ 29850: closed connected surfaces, scale and species landmarks survive reduction (770.5419ms)
✔ 29850: normalized rig, fixed feet, independent rifle grips and neutral restoration (539.2598ms)
✔ 10446: closed connected surfaces, scale and species landmarks survive reduction (225.6036ms)
✔ 10446: normalized rig, fixed feet, independent rifle grips and neutral restoration (169.3881ms)
✔ 10k variant is reduced from the stored 30k author, preserving every garment and head component (0.8657ms)
✔ donkey 28898: closed connected surfaces and species landmarks (461.0161ms)
✔ donkey 28898: rig weights, stable feet and rifle contact (362.42ms)
✔ donkey 10110: closed connected surfaces and species landmarks (128.4033ms)
✔ donkey 10110: rig weights, stable feet and rifle contact (125.197ms)
✔ donkey reduction preserves all author components (0.3539ms)
✔ neck separates jaw from scarf while preserving the skull size and paint registration (305.933ms)
✔ connected wheat → flour → bread line delivers to farmhouse (66.7832ms)
✔ disconnected output backs up with bounded inventory (23.9244ms)
✔ only the marked input accepts the correct product and direction (0.568ms)
✔ straight lines snap to dominant axis and reverse travel with drag (1.3908ms)
✔ 3 × 3 footprints and entire lines reject collisions atomically (0.8201ms)
✔ rotated buildings use corresponding side ports (3.128ms)
✔ conveyors turn corners without destroying parcels (0.6028ms)
✔ restoring an undo snapshot restores layout and inventory (35.5121ms)
✔ two incoming belts cannot duplicate or overwrite cargo at a merge (0.3367ms)
✔ fruit goes through pressing, fermentation and bottling before delivery (94.341ms)
✔ grain, dairy and sugar branches converge into delivered cakes (204.4549ms)
✔ cake recipe waits for all three ingredients without consuming the others (2.7174ms)
✔ all three ingredient ports rotate and reject wrong goods (0.9673ms)
✔ one full ingredient buffer cannot occupy another ingredient buffer (0.338ms)
✔ connecting an example does not overwrite a moved or rotated layout (0.4842ms)
✔ complete model catalog renders finite geometry without mutating collision or map data (52.8932ms)
✔ rectangular props rotate their complete model around the saved footprint and preserve upper elevation (0.9123ms)
✔ model primitives have finite triangle surfaces and unit extents, including a continuous roof slope (55.0204ms)
✔ all boundary and ground types retain support and windows retain their opening (1.5307ms)
✔ 29586: closed connected surfaces, scale and species landmarks survive reduction (705.8969ms)
✔ 29586: normalized rig, fixed feet, independent rifle grips and neutral restoration (379.0591ms)
✔ 9994: closed connected surfaces, scale and species landmarks survive reduction (119.3882ms)
✔ 9994: normalized rig, fixed feet, independent rifle grips and neutral restoration (172.1057ms)
✔ 10k variant is reduced from the stored 30k author, preserving every garment and head component (0.3511ms)
✔ 29952: closed connected bird and garment surfaces within budget (225.8442ms)
✔ 29952: wing articulation preserves feet, body and neutral restoration (110.3566ms)
✔ 10348: closed connected bird and garment surfaces within budget (38.4352ms)
✔ 10348: wing articulation preserves feet, body and neutral restoration (23.0296ms)
✔ hen reduction derives from author and retains all species components (0.4622ms)
✔ hen four-view paint frame contains wings, comb, toes and tail (37.2716ms)
✔ grey sculpt has connected closed surfaces, finite normals and grounded prototype height (26218.8677ms)
✔ horse-light-data.json: closed and connected within triangle budget (247.9135ms)
✔ horse-light-data.json: weighted neutral mesh reproduces the stored form and every skin weight is valid (673.5718ms)
✔ horse-light-data.json: carry deforms actual arms, keeps feet planted and puts hand geometry around independent rifle grips (300.4797ms)
✔ horse-10k-data.json: closed and connected within triangle budget (14.9248ms)
✔ horse-10k-data.json: weighted neutral mesh reproduces the stored form and every skin weight is valid (86.9235ms)
✔ horse-10k-data.json: carry deforms actual arms, keeps feet planted and puts hand geometry around independent rifle grips (63.8398ms)
✔ paint projection matches actual reference cameras at every cardinal view (2.4448ms)
✔ paint validity removes connected neutral background, preserving enclosed grey paint (1.5977ms)
✔ catalog silhouettes are finite, distinguish open containers and retain structure openings (1064.8727ms)
✔ campaign travel and return retain hybrid geometry and persistent squad state (8751.0409ms)
✔ real engine movement opens shared geometry; rendered observer cannot change replay (1094.7969ms)
✔ standing, kneeling and facing-aware prone volumes participate in nearest friendly fire (104.2424ms)
✔ window geometry deliberately differs from legacy and sight uses actual aimed regions (91.8402ms)
✔ upper floors, stair holes, door updates and destruction invalidate the shared world (220.4228ms)
✔ grenades retain a swept parabola, roofs intercept arcs, and scatter stays seeded (93.0176ms)
✔ roof underside blast leaves the impact face and still shields actors above it (160.1741ms)
✔ requested aim cannot override a nearer physical region and pellets aim at prone head XY (142.5196ms)
✔ nearest-direction bound covers angular midpoints and has the corrected denominator (1.3187ms)
✔ sector selection rejects unsupported headings and chooses both sides of each boundary (1.1762ms)
✔ candidate cards preserve all pixel distances and fixed guide anchors without muzzle fitting (1.7593ms)
✔ manual landmark uncertainty prevents false passes and all measured tips remain in their crop (44.8056ms)
✔ door and window openings pass rays while solid wall and sill block them (1.3449ms)
✔ vertical rays hit the optional roof and intersection chooses the nearest surface (0.3124ms)
✔ actual low-poly barrel cap and axis follow physical muzzle through continuous headings and floors (328.8393ms)
✔ pose rig preserves limb lengths and actual gloves intersect the rifle contact volumes (16.2656ms)
✔ relaxed carry lowers elbows while retaining hand contact and upright bounds (109.0826ms)
✔ animated poses retain limb lengths, ground clearance and planted walking contacts (763.0478ms)
✔ discharge uses physical muzzle before recoil and timestamp evaluation is repeatable (27.9082ms)
✔ brick density follows world distances across tall, short and neighboring faces (20.2374ms)
✔ painted room material keeps four brick widths and ten courses per repeat (0.3235ms)
✔ shared slab sides are culled while perimeter and stair-hole edges remain (1.4249ms)
✔ rigid art preview preserves distances and ground anchor without heading-dependent deformation (1.4496ms)
✔ opaque sprite bounds calibrate all stances and prone long axis follows eight headings (130.698ms)
✔ measured painted muzzle maps to actual firing origin across all calibration poses (224.4717ms)
✔ canonical fixture validates and round-trips unknown metadata without mutation (297.9298ms)
✔ prototype dimensions, upper floor and 2:1 diamond use one axis conversion (0.7502ms)
✔ door transaction, window boundaries, lintel and roof hit actual shared surfaces (131.9475ms)
✔ unsupported content has explicit diagnostics and stair opening is preserved (39.1589ms)
✔ negative boundary edges and diagonal chunk traversal agree with brute force (76.4645ms)
✔ upper floor and rotated cover use map coordinates; IDs independent of prop order (53.3442ms)
✔ loot artwork follows remaining inventory and never leaves ghost guns after pickup (3.0828ms)
✔ dead firearm users show their equipped gun and only nonempty matching ammo (0.3309ms)
✔ fallen guards remain drawable after refresh removes live detection, respecting floor and exploration (236.9274ms)
✔ drop rendering skips pending images and scales the ground layout with camera zoom (0.5108ms)
✔ 29996: closed connected surfaces, scale and species landmarks survive reduction (506.7929ms)
✔ 29996: normalized rig, fixed feet, independent rifle grips and neutral restoration (601.7437ms)
✔ 9998: closed connected surfaces, scale and species landmarks survive reduction (128.2985ms)
✔ 9998: normalized rig, fixed feet, independent rifle grips and neutral restoration (112.3866ms)
✔ 10k variant is reduced from the stored 30k author, preserving every garment and head component (0.3134ms)
✔ paint frame matches its four cameras and contains ears, belly and body (99.7346ms)
✔ 29978: closed connected surfaces, scale and species landmarks survive reduction (771.396ms)
✔ 29978: normalized rig, fixed feet, independent rifle grips and neutral restoration (496.1828ms)
✔ 9988: closed connected surfaces, scale and species landmarks survive reduction (127.2ms)
✔ 9988: normalized rig, fixed feet, independent rifle grips and neutral restoration (98.8861ms)
✔ 10k variant is reduced from the stored 30k author, preserving every garment and head component (0.4959ms)
✔ paint frame matches its four cameras and contains cap, ears and body (34.7527ms)
✔ foreman author: corrected body preserves head, registered paint and unit normals (405.5351ms)
✔ foreman 10k: corrected body preserves head, registered paint and unit normals (77.1408ms)
✔ director author: corrected body preserves head, registered paint and unit normals (428.0178ms)
✔ director 10k: corrected body preserves head, registered paint and unit normals (129.7034ms)
✔ 29972: closed connected surfaces, scale and species landmarks survive reduction (643.3245ms)
✔ 29972: normalized rig, fixed feet, independent rifle grips and neutral restoration (605.1851ms)
✔ 10156: closed connected surfaces, scale and species landmarks survive reduction (119.5274ms)
✔ 10156: normalized rig, fixed feet, independent rifle grips and neutral restoration (148.4994ms)
✔ 10k variant is reduced from the stored 30k author, preserving every garment and head component (0.6395ms)
✔ Red Hats have every armed stance with valid transparent frames and a shared baseline (5100.7481ms)
✔ all compatible bank edges match RGBA, including unconnected land edges (15.8221ms)
✔ banks remain land at closed edges, transparent at connected openings (0.4766ms)
✔ river banks retain open centers in isolated pools and open water under bridges (2.186ms)
✔ adjacent water quadrants agree on shared edge corners across surrounding terrain (6.815ms)
✔ 30756: closed connected surfaces, scale and species landmarks survive reduction (621.6591ms)
✔ 30756: normalized rig, fixed feet, independent rifle grips and neutral restoration (875.5748ms)
✔ 10476: closed connected surfaces, scale and species landmarks survive reduction (153.4555ms)
✔ 10476: normalized rig, fixed feet, independent rifle grips and neutral restoration (141.824ms)
✔ 10k variant is reduced from the stored 30k author, preserving every garment and head component (0.5345ms)
✔ scarf ends have outward-facing volume and clear the actual shirt and vest in both meshes (200.7453ms)
✔ all compatible corner tile boundaries match across every variant (59.6705ms)
✔ variants change interiors while preserving midpoint crossings (0.8467ms)
✔ skunk has all 30 outfit, weapon and stance combinations (1724.6347ms)
✔ skunk guards survive map validation and game creation with every weapon (73.6647ms)
✔ 29934: closed connected surfaces, scale and species landmarks survive reduction (808.6936ms)
✔ 29934: normalized rig, fixed feet, independent rifle grips and neutral restoration (426.5634ms)
✔ 9998: closed connected surfaces, scale and species landmarks survive reduction (99.8745ms)
✔ 9998: normalized rig, fixed feet, independent rifle grips and neutral restoration (86.9894ms)
✔ 10k variant is reduced from the stored 30k author, preserving every garment and head component (0.4554ms)
✔ wide paint frame matches its four cameras and contains the complete tail and body (27.841ms)
✔ a pistol shot alerts guards within twenty-four tiles and only makes those beyond suspicious (584.0714ms)
✔ a rifle shot carries forty-eight tiles (467.9054ms)
✔ a guard firing alerts its colleagues too, and an already alert guard keeps its own fix (199.0612ms)
✔ melee makes no report (197.1803ms)
✔ block JSON roundtrip preserves all three levels and terrain geometry without squad markers (77.916ms)
✔ place block into sector10,10 transforms edges and climbs and is undoable (1266.1812ms)
✔ block placement rejects obstructed squad starts atomically (45.1527ms)
✔ sector capture rejects crossing props and roof links (1.2451ms)
✔ block import rejects malformed bounds and unknown content (30.5938ms)
✔ replacing a sector removes old content on all levels but keeps neighboring designs (223.3224ms)
✔ block import rejects falsy floor values and aliased edges (1.9769ms)
✔ defeat captures stabilized mercs and kills every bleeding merc immediately (469.4334ms)
✔ captured mercs are not corpses or XP recipients and never auto-revive (276.9309ms)
✔ shared clock advances from real elapsed time, pauses without catch-up, and rolls over days (324.0225ms)
✔ production is independent of frame size and begins only after liberation (711.7995ms)
✔ rest advances the same clock, heals living troops to their cap, refills AP and produces income (220.55ms)
✔ training grants existing progression rewards without healing or training captured troops (302.2429ms)
✔ unsafe, queued and invalid downtime takes no time or money and grants no rewards (181.0743ms)
✔ travel advances the campaign clock exactly one hour and keeps training results (1367.8705ms)
✔ all five connection types preserve metadata through block and map JSON (670.9848ms)
✔ one element per direction rejects multiple roads and compound features (9.3749ms)
✔ adjacent roads match exact widths and reject atomically; later painting invalidates rules (76.3252ms)
✔ cliffs match height and side and fences match materials (137.3175ms)
✔ seeded generation produces 100 matched road blocks with valid starts and deterministic output (458.5392ms)
✔ unsatisfiable and overpopulated libraries fail without touching source blocks (91.3251ms)
✔ user checkpoint matches the four intended directions (12.5675ms)
✔ road and river openings reject barriers at the seam (4.823ms)
✔ flat elevation and explicit seam conflicts cannot silently match (275.2245ms)
✔ movement cost reflects free exploration, combat budget and unavailable routes (184.2911ms)
✔ attack labels retain weapon cost when ammunition or AP prevents shooting (174.8564ms)
✔ ground, friendly selection and detected enemy targeting match their cursors (328.1926ms)
✔ bolt cutter action requires held cutters, reachable known wire fence, and enough AP (390.1025ms)
✔ fence picking uses its raised visible face, selected floor and adjacent edge (156.3134ms)
✔ hand interactions respect loot visibility, adjacency and blocking edges (211.3627ms)
✔ all four diagonals use3/6/12AP for standing kneeling prone (2584.6356ms)
✔ every corner edge and either obstructed flank blocks a diagonal in both directions (17.8556ms)
✔ living flank occupants block diagonals and queued movement rechecks late blockers (205.001ms)
✔ diagonal upper movement needs support in both flank tiles and destination (1.0685ms)
✔ mixed cardinal and diagonal path uses optimal octile distance (199.0844ms)
✔ melee guard can strike from diagonal adjacency (259.2234ms)
✔ Easy automatic stabilization waits for encounter clear and restores 5 HP (264.9534ms)
✔ Standard grants six squad turns and whole-squad incapacitation still loses on Easy (588.1917ms)
✔ difficulty follows the campaign to new local maps (446.0628ms)
✔ factory income depends on shortest route from fixed start; yards and unreachable factories earn nothing (295.4062ms)
✔ successful travel advances an hour of factory production; rejected travel takes no time (2261.2358ms)
✔ rectangles include both corners, reverse, shrink and clamp to workspace (2.2834ms)
✔ wall lines lock starting axis and preserve outer boundary and elevation (0.3408ms)
✔ roof rectangle and wall line each form one reversible saved-map change (106.5094ms)
✔ a multi-tile paint stroke undoes and redoes as one operation (38.3278ms)
✔ walls and doors replace shared edges without changing terrain; erasure undoes (108.0211ms)
✔ starts and travel marker are protected from crates and overlapping actors (16.5029ms)
✔ guards cap at 46; editing and deleting a guard preserves valid schema (834.7266ms)
✔ room footprints fit bounds, can rotate, and create open door edges (5.5349ms)
✔ replace/import is undoable, malformed import cannot alter the working map (52.5839ms)
✔ disconnected drafts roundtrip for repair but cannot become playable definitions (92.4549ms)
✔ upper roofs create support and erased tiles and legacy crates can be restored with undo (61.1105ms)
✔ prop placement checks whole footprint and cached lookups follow placement/erase/undo (108.6008ms)
✔ rotated props fit 1x2 and reject walls, unsupported floors and protected starts (61.4014ms)
✔ all new brush data survives a portable JSON roundtrip (61.6107ms)
✔ later wall edits cannot bisect a two-cell prop (29.2867ms)
✔ clear landscape reaches75 while character detection stops at60, with current terrain caches (770.3662ms)
✔ unknown obstacle variants produce identical initial routes and reveal no endpoint validity (923.358ms)
✔ navigation reaches unknown destination and reroutes around newly revealed obstacles (11154.1303ms)
✔ newly revealed blocked destination stops without claiming arrival (679.325ms)
✔ spotting a distant guard stops movement without automatically alerting him (1231.2974ms)
✔ long combat orders move only affordable steps and never resume next turn (1017.8776ms)
✔ terrain caches invalidate on walls and agree with exact LOS through window openings (729.2042ms)
✔ rockets collide with the first wall or body; grenades arc over a low wall (267.8402ms)
✔ arcs hit ceilings and solid upper floors instead of teleporting through them (221.8392ms)
✔ blasts breach wall edges and props, invalidate prop caches, and open navigation (225.9597ms)
✔ blast damage falls with 3D distance and intact floors shield other levels (192.4957ms)
✔ beyond effective range has severe scatter, elevation extends launcher reach, and throws are bounded (157.7193ms)
✔ terrain firing consumes AP and ammunition once, causes strain, and awards kill relief (292.9671ms)
✔ blast friendly fire damages survivors and records their reaction, without body-zone bonuses (325.1873ms)
✔ a grenade aimed over a missing upper floor falls until it hits physical ground (118.9483ms)
✔ surviving walls block blast damage and near misses do not erase distant scenery (281.5585ms)
✔ self damage is possible, and invalid terrain shots never spend resources (278.2136ms)
✔ feature lines run the whole grid and crossings require exact ports (2.0201ms)
✔ planned map fills the road/fence crossing, keeps all offsets and roundtrips (882.7533ms)
✔ missing crossing reports exact sector and cannot mutate the plan or library (106.0477ms)
✔ seeded lines deterministic and malformed plans rejected (107.245ms)
✔ a straight fence cannot drift between its north and south edges (122.7896ms)
✔ the nozzle table covers every flamethrower sprite and matches a fresh measurement of the PNGs (420.6189ms)
✔ nozzle measurement finds the muzzle face and barrel axis, ignoring a flared tip (1.548ms)
✔ nozzle offsets repeat the renderer sprite placement for both facings and the vector overlay (1.3309ms)
✔ attack effects play back to back, flame bursts take their own time, and bullets keep the old rule (1.0718ms)
✔ a burst draws finite, outlined, single-winding shapes for every outcome, facing and moment (10870.3665ms)
✔ bursts are deterministic for a seed and differ between seeds (10.2775ms)
✔ pose helpers stay still outside their windows and a burned body is held until the flame lands (0.7936ms)
✔ a miss lands on the floor beside the target, short of it, on a side chosen by the seed (0.3356ms)
✔ tank detonation thresholds are per successful hit: torso 25%, weapon 90% (1586.2676ms)
✔ misses, head/leg hits, empty tanks and absent tanks never detonate (1058.0269ms)
✔ explosion kills wearer and adjacent allies permanently, ignites through radius five, and respects floors (564.4593ms)
✔ burning units cannot act, flee on three turns, then recover even after combat ends (639.0486ms)
✔ short-range flame hits are lethal for either team and survivors panic (1207.1391ms)
✔ flamethrower supports inventory size, fuel reload and editor roundtrip (272.7729ms)
✔ fire keeps turn mode alive after the final guard dies and expires after three rounds (484.7678ms)
✔ walking into fire cancels the route and ignition during an enemy turn still lasts three panic turns (935.4218ms)
✔ attack events name the shooter and target and list every unit the shot put down (1338.5786ms)
✔ rifles need adjoining cells in one row, and items can be manually positioned (293.9453ms)
✔ two large weapons fit ready slots and swap free even with zero AP (182.4711ms)
✔ fragmented space rejects a rifle without mutations; existing ammo stack fits full bag (172.4882ms)
✔ four characters advance in a single tick and retain offsets at destination (1928.8914ms)
✔ group stop cancels every route and combat spends each members movement AP (1145.8362ms)
✔ blocked formation slots use distinct nearby destinations without overlaps (2090.8931ms)
✔ aimed torso retains existing shot while head trades accuracy for damage (119.3068ms)
✔ one-tile formation movement uses teammates vacated cells (682.138ms)
✔ prone observer cannot see over nearby low cover; standing restores detection and terrain immediately (528.2309ms)
✔ window sill hides legs while head and torso remain exposed; hidden aim never spends resources (256.5475ms)
✔ stance changes alter the target body heights; prone targets disappear behind a sill (234.0196ms)
✔ shared sight does not unlock a body part hidden from the selected shooter (260.5374ms)
✔ solid floors block vertical sight for all stances and targeted zones (190.5292ms)
✔ enemy chooses an exposed head rather than firing at a hidden torso (273.3179ms)
✔ destroying low cover invalidates fog and exposes a target to a prone observer (355.3684ms)
✔ cutters must occupy held slot 0 to open adjacent wire fence (456.6267ms)
✔ cutters must occupy held slot 1 to open adjacent wire fence (331.9127ms)
✔ combat equip costs 3 AP, cutting costs 4 AP, and replacing cutters returns them to the bag (286.9927ms)
✔ equipping and stowing cutters reject full backpack without losing equipment (132.6629ms)
✔ equipped swaps are free at zero AP; unavailable weapons cannot be conjured (244.8143ms)
✔ partial reload consumes finite compatible rounds and cannot create ammunition (288.5373ms)
✔ drop, pickup and teammate transfer preserve loaded weapon and reject duplicate or full grid atomically (163.6773ms)
✔ active layers retain full contrast and other layers fade with distance (2.1949ms)
✔ compositor isolates sprite alpha, clears each layer and uses backing resolution (0.7935ms)
✔ walls live on shared edges, never occupy either neighboring tile (256.9179ms)
✔ door edges permit passage and sight in both directions (302.7149ms)
✔ diagonal sight cannot leak through a wall endpoint and is reciprocal (163.3101ms)
✔ movement rechecks barriers instead of trusting queued path (710.7878ms)
✔ map schema rejects malformed maps and unreachable starts, roundtrips good data (97.7212ms)
✔ generated layouts are deterministic, connected and have four starts / 46 guards (14965.0208ms)
✔ wall picking selects the same shared barrier from either tile (0.3593ms)
✔ lethal guard damage incapacitates squad for six treatment turns (209.621ms)
✔ bleeding lasts five ends and expires on the sixth, even after last guard dies (203.3342ms)
✔ medical skill changes AP cost and stabilization consumes one medkit exactly once (309.7769ms)
✔ treatment rejects walls, other levels, range and insufficient AP without consuming supplies (64.0132ms)
✔ cutters make one adjacent chainlink edge passable, charge once, and reject railings (225.1785ms)
✔ walkable bush and parapet cover protects occupants while reeds and metal roofs do not (367.9823ms)
✔ roof modules remain walkable on upper floors and reject walls through any interior edge (610.6561ms)
✔ builder guard outfits survive export and use armed and prone Red Hats art in game (89.2658ms)
✔ every new prop can be placed, exported, reloaded and used by game collision in both orientations (95.8967ms)
✔ jail barriers block movement but allow sight, and cut fence allows crossing (1.3007ms)
✔ a shorter reservation holds ammunition until enemy enters its radius (510.1388ms)
✔ invalid ranges spend no AP; weapon changes clamp saved distance (234.1375ms)
✔ overlay shades walls darker, opens door lanes, respects facing and distance (387.5001ms)
✔ the tactics Pages build lists every local module and page its listed files reference (266.4874ms)
✔ cone boundaries wrap and do not reveal rear targets (1.3215ms)
✔ turning invalidates terrain visibility, preserves memory, without spending AP (529.2163ms)
✔ shared sight cannot fire outside personal cone or through a wall (300.3074ms)
✔ incoming shot gives a rear-facing guard a response (243.4396ms)
✔ mercs have separate authored voices, relationships and persistent personal memories (377.8425ms)
✔ landed replies form a finite chain, spend loaded rounds and no AP, and do not reload (499.5494ms)
✔ an unarmed or empty recipient quips and cannot get a free weapon switch (495.659ms)
✔ retaliation interrupts a burst and stops its remaining rounds if the shooter falls (287.8404ms)
✔ incapacitated recipients cannot reply (220.6472ms)
✔ burning recipients cannot retaliate and missed replies do not cause another reaction (459.4893ms)
✔ history and distrust increase retaliation; medical help rebuilds trust; rest preserves grudges (157.0307ms)
✔ shared XP grants three points every100XP; training atomically spends and never refills health/AP (336.5792ms)
✔ species traits remain separate and derived stats are idempotent (276.4328ms)
✔ one guard death awards XP once and friendly attacks cannot farm it (216.7035ms)
✔ skill caps, medical cap and campaign transfer preserve progression (497.1367ms)
✔ accurate shots strike the nearest unit regardless of team, including allies beside the muzzle (59.3382ms)
✔ missed rounds can hit a diagonally adjacent ally and never hit a unit behind the shooter (6.5101ms)
✔ a near miss continues past the intended target and can hit someone behind it (2.6014ms)
✔ walls and exact corner joins stop rays before units; open doors and chainlink pass rounds (1.2922ms)
✔ low cover, window frames, stance height and upper floors participate in actual collision (49.3776ms)
✔ bullets stop at ground and map bounds without leaving the playable map (0.8208ms)
✔ a real burst charges once, traces each round, damages the blocking ally and preserves target health (456.6792ms)
✔ incidental torso hits can detonate a friendly flamethrower and cancel remaining burst shots (271.7723ms)
✔ scatter is reproducible and enemies can hit other guards (1198.8ms)
✔ every agreed range is executable at its boundary and rejected just past it (2749.1523ms)
✔ range-normalized accuracy preserves long-range rifles and weak pistols (835.3957ms)
✔ flame damage falls with distance while close hits remain lethal (216.4096ms)
✔ one shotgun shell produces six collision paths but charges AP and ammunition once (355.2886ms)
✔ shotgun concentration falls at range, with missed pellets colliding with nearby allies (16068.4659ms)
✔ sniper guards can pay for an eight-AP shot and new loadouts survive editor parsing (79.6691ms)
✔ automatic weapons fire physical three-round bursts and reject insufficient ammunition (233.3978ms)
✔ SMG rounds and buckshot pellets share pistol damage and penetration class (136.0062ms)
✔ new automatic weapons survive editor serialization and have Factory supplies (305.4841ms)
✔ overwatch reserves AP once and fires only one round without double charge (524.6077ms)
✔ free weapon swap or turn cancels reserved reaction without refund (476.6879ms)
✔ overwatch respects cone, walls and empty ammunition (299.0487ms)
✔ stealth lowers detection distance and adds movement AP (347.3988ms)
✔ unseen noise is approximate and investigation never reveals a target through walls (340.0681ms)
✔ formation orders cancel reservations and group footsteps create noise (537.6775ms)
✔ ordinary rest heals gradually over two days, independent of rest chunk size (751.8493ms)
✔ selected trained medic and one kit per wounded troop restore health in one day (211.429ms)
✔ short courses heal gradually and continue without consuming another medkit (255.3253ms)
✔ ordinary rest continues an existing medical course (136.2092ms)
✔ medical care rejects untrained, unavailable medics and insufficient kits atomically (504.433ms)
✔ healthy, dead and captured troops consume no medical supplies and cannot be revived (213.4426ms)
✔ the overmap is a grid: links derive from tile positions and the far side of each edge is known (341.0473ms)
✔ leaving needs the ground-level border band on a side with a map beyond it, and one step of AP in combat (1572.4281ms)
✔ one crosser leaves the fight: off the map for guards and tiles, AP spent, comrades stay in combat (694.0031ms)
✔ the last standing member crossing moves the squad: crossers land on the far border at their row, the clock advances an hour (1116.6838ms)
✔ downed comrades left behind meet the defeat rule: stabilized are captured, bleeding die (1543.2039ms)
✔ a fight lost after a comrade crossed is not a wipe: the crosser arrives, the fallen are recorded, the run continues (1005.2239ms)
✔ crossers commit the squad to one destination; the travel marker follows them and merges arrivals (840.9776ms)
✔ crossing into a generated map with water or void on its edge still lands on walkable ground near the entry row (1678.6157ms)
✔ a crosser has no body: a guard firing along the row it left hits the comrade behind it, never the crosser (906.9635ms)
✔ a crosser has no body for a blast either (651.1422ms)
✔ a waiting crosser can come back across the edge onto the tile it left, for a step of AP in combat, unless it is blocked (820.2738ms)
✔ rest and training wait for the squad to regroup (468.3187ms)
✔ crossing mid-turn does not refill the turn: a squad that crossed with 10 AP into a live contact keeps 10, and crossing clears overwatch (941.7217ms)
✔ a map left mid-fight is re-entered as a fresh contact, not a frozen turn: guards stay alert, the round advances, AP is full (906.5084ms)
✔ a map lost after a crossing can be re-entered: the fallen stay fallen, the record moves to the world, the survivor can act (656.3162ms)
✔ a retreat from the yard westward resolves to the factory, not to a hard-coded neighbour (547.0279ms)
✔ a comrade waiting beyond the edge gets the new round like everyone else, so a return is charged from a fresh turn (434.7888ms)
✔ a return is a step: it walks into a fire on the tile and makes a footstep (261.2449ms)
✔ abandoned comrades are written to the run record once, and a second loss on the same map lists only what it cost (717.3682ms)
✔ marked roof climbs traverse exactly one adjacent level for6AP in either direction (689.3784ms)
✔ roof geometry rejects missing support, blocked upper edge, blocked headroom and multi-level records (142.8582ms)
✔ roof editor creation, endpoint protection, roundtrip and erase undo remain consistent (250.4747ms)
✔ queued climb stops if its upper edge is blocked before execution (3642.698ms)
✔ two-level uphill range costs2tiles, downhill has no vertical distance tax, melee unchanged (267.3834ms)
✔ guard roof approach cost includes standing movement (2893.8463ms)
✔ enemy AI spends6AP to climb toward a remembered rooftop target (245.5267ms)
✔ ladders cost3AP, stairs2AP and old connections remain stairs (289.9504ms)
✔ fences block crossing but not sight or cover, walls block both (218.1287ms)
✔ two-tile props occupy both cells, tall crates occlude and pallets stay walkable (271.0966ms)
✔ uphill adds range distance while downhill retains normal reach and solid floors (210.8846ms)
✔ seeded river sectors match sockets and make exactly two bridges in either orientation (13350.0319ms)
✔ river rules reject a missing bridge deck, blocked road or incompatible sector (32.2888ms)
✔ queued vertical movement uses the current ladder AP cost (315.2764ms)
✔ downhill spotting uses the same60tile character cap (105.8708ms)
✔ bridge-sector approach cells must stay walkable, not only the water crossing (47.6106ms)
✔ 240-square maps support 50 actors and reject actor 51 (2043.333ms)
✔ stairs link three floors, cost 2 AP, and level occupancy is independent (1483.9223ms)
✔ queued stair movement rechecks removed connections (3357.3934ms)
✔ solid floors stop vertical fire; stair openings allow it without imaginary cover (160.2235ms)
✔ sight can pass a platform edge in both directions (217.5992ms)
✔ upper-floor brushes and stairs undo together without touching ground (26.1734ms)
✔ version-one 28x24 drafts retain all contents in the expanded ground floor (15.612ms)
✔ a dead distant arrival start does not reveal terrain or alert guards (891.6369ms)
✔ travel gathers characters on the marker floor, not just matching XY (115.4521ms)
✔ large-map routes stay legal and a full 50-character enemy phase terminates (6170.0844ms)
✔ every roster species has a sight entry with bino <= field <= 360 and a usable fall-off (2.2517ms)
✔ identification range is non-increasing in bearing, full inside the binocular core and zero beyond the field (4.8414ms)
✔ identification never exceeds detection at any bearing, and detection saturates inside the field (30.5464ms)
✔ a wider field with the same other parameters sees a superset of bearings (1.4244ms)
✔ a flat cone without a species keeps the old rule: full range inside, nothing outside (0.3987ms)
✔ a still guard in the periphery beyond the identify lobe is unseen; a moving one is glimpsed, not identified (692.8835ms)
✔ a guard that glimpses a moving worker gains approximate suspicion, not alert; identification alerts it (805.905ms)
✔ neither a glimpse nor identification passes a wall (494.4378ms)
✔ terrain reveal follows the species field, not a flat 120 degree cone (363.1002ms)
✔ a firing unit counts as moving for the next refresh (242.4694ms)
✔ an attack from the blind notch spins the victim toward the attacker, so it can answer (482.3564ms)
✔ scavenging seeks known compatible ammo instead of abandoning the rifle (636.5307ms)
✔ loaded HMG is collected, equipped, and paid for with normal inventory AP (492.4495ms)
✔ empty duplicate can be exchanged for a loaded drop without creating ammunition (220.2119ms)
✔ empty guns, unseen drops, and incompatible ammunition are not scavenging goals (245.1196ms)
✔ fence orders equip real cutters and spend the normal cutting AP (585.8002ms)
✔ overwatch orders reserve AP without consuming ammunition and lure orders walk normally (616.5769ms)
✔ sneak orders use the actual stealth toggle and respect unavailable actors (363.737ms)
✔ normal squad behavior picks up an adjacent HMG before advancing (408.2097ms)
✔ all six direct stance transitions cost exactly2AP; repeat/invalid/insufficient changes do nothing (6506.7745ms)
✔ standing kneeling and prone routes debit2/4/8AP per tile and reject over-budget routes (1616.5841ms)
✔ movement locks stance changes and rechecks live stance cost before a queued step (440.2655ms)
✔ stance controls reject enemy turns and fallen characters; exploration stays free (531.322ms)
✔ climbing requires standing and preserves the established vertical AP cost (1548.9393ms)
✔ enemy standing movement spends2AP per tile (375.6285ms)
✔ stance survives AP refresh and local-map travel (755.2291ms)
✔ seeing a rear-facing guard does not alert him (157.3933ms)
✔ cover, sneaking and prone stance lower acquisition chance (38.7714ms)
✔ acquisition has both outcomes and no refresh or combat RNG rerolls (322.3164ms)
✔ woodland blocks distant contacts and terrain through intervening cells (463.2056ms)
✔ woodland diagonal lengths and partial endpoints use ray geometry (21.7541ms)
✔ woodland and guard facing survive map roundtrip and editor undo (280.8468ms)
✔ enemy bullets raise both meters by actual injury, and stress/fatigue stay bounded (476.7998ms)
✔ only a kill relieves the shooter, and fatigue does not disappear with the kill (428.8071ms)
✔ normal and medical rest reduce both meters while training does not (631.2356ms)
✔ window aperture permits centered sight but blocks movement, sill and outer frame rays (348.237ms)
✔ closed doors block sight but can be opened along a walking route (616.4544ms)
✔ walking opens a closed door and updates sight and collision without altering the blueprint (971.0399ms)
✔ empty and cleared local maps remain walkable (510.8949ms)
✔ travel requires gathered living squad, adjacency, no queue and no combat (363.0209ms)
✔ world travel preserves squad HP/ammo and visited map enemies/discovery (2358.0009ms)
✔ clearing a map permits departure without reviving fallen squad or guards (1121.1495ms)
✔ exact cast, player advantage, legal spawn and long-range initial contact (549.7691ms)
✔ all guards are reachable through factory doors (610.4361ms)
✔ BFS avoids occupied tiles and solid cover; invalid moves never spend AP (521.5745ms)
✔ movement consumes actual path AP and does not overlap (612.2798ms)
✔ walls and diagonal corners block sight, crates provide directional cover (344.1868ms)
✔ fog hides guard behind wall and remembers explored terrain (239.2952ms)
✔ contact interrupts real-time path; LOS break cannot reset AP (408.2343ms)
✔ weapon identities, range, ammo persistence, equip and reload costs (422.8181ms)
✔ burst uses three rounds and 6 AP, rejects undersized magazine (350.8863ms)
✔ exploration opening attack enters combat and spends AP (356.945ms)
✔ enemy phase locks player controls, terminates, and applies damage (1237.5975ms)
✔ cleared encounters resume exploration; cleared maps allow movement and loss locks input (386.776ms)
✔ same seed produces repeatable shots (533.0605ms)
✔ guard holds firing position when remaining AP cannot pay for another shot (201.4089ms)
✔ animation does not add brightness stripes to uniform water (15.7615ms)
✔ opposite water edges match throughout the loop, including corners (9.4752ms)
✔ animation closes exactly and actually changes between phases (18.446ms)
✔ PPSh drum end caps, rims and hub face along the actual bore (41.5782ms)
✔ launcher bore aligns with a real top chamber, above the drum center (6.0352ms)
✔ HMG grasp surrounds the named handle with fingers, palm and opposing thumb and clears the shroud (528.8914ms)
✔ changing equipment restores the original hand, skin weights, mesh and triangle budget (120.6282ms)
✔ accepted shotgun and flamethrower retain geometry, materials and equipped carry (309.8434ms)
✔ model catalog covers every gameplay weapon with suitable contact semantics (61.9471ms)
✔ every carry meets actual weapon surfaces and skinned hand geometry; barrel mouths follow heading (704.1479ms)
✔ backpack and hose detach completely when switching to bare hands (140.3198ms)
✔ isometric picking recovers tiles after zoom and pan on both diagonal axes (2.8576ms)
✔ workers and pigs stay off footprints and conveyors through all connected plans (552.8183ms)
✔ walking routes go around buildings and cannot cross a conveyor wall (1.3305ms)
✔ farmhouse converts exactly five food deliveries into one ration, excluding alcohol (1.223ms)
✔ ration outlet emits on its marked outside tile in all four rotations (0.7459ms)
✔ a hungry worker reaches the belt end, eats a parcel, and recovers productivity (2.7376ms)
✔ unreachable rations remain on the belt until a walking route opens (28.1797ms)
✔ building over an animal relocates it to open ground; removing its home removes it (0.9364ms)
✔ blocked ration outlet never stops farmhouse deliveries and preserves the ration share (18.7753ms)
✔ undo restores animal positions, hunger, ration inventory and meals together (107.9491ms)
ℹ tests 460
ℹ suites 0
ℹ pass 460
ℹ fail 0
ℹ cancelled 0
ℹ skipped 0
ℹ todo 0
ℹ duration_ms 29849.0472
Verified tactical assets: 36 armed character sprites, 90 stance sprites, base character frames and strips, environment assets, machines, and entrypoints.
