
> animal-factory-tactics-3d@0.4.0 check
> node --check dist/tactics/visibility.js && node --check dist/tactics/blocks.js && node --check dist/tactics/design-store.js && node --check dist/tactics/environment.js && node --check dist/tactics/environment-renderer.js && node --check dist/tactics/sector-rules.js && node --check dist/tactics/view.js && node --check dist/tactics/map-validation-worker.js && node --check dist/tactics/maps.js && node --check dist/tactics/world.js && node --check dist/tactics/editor-model.js && node --check dist/tactics/editor.js && node --check dist/tactics/app.js && node --check dist/tactics/engine.js && node --check dist/app.js && node --check dist/engine.js && node --check dist/renderer.js && node --check dist/people.js && node --check dist/isometric.js && node --test tests/*.test.mjs && node tools/check-assets.mjs

✔ bodies cover every animal uniform with independent transparent PNGs (12.0802ms)
✔ body rendering preserves location and facing without drawing equipment (0.4035ms)
✔ 29572: closed connected surfaces, scale and species landmarks survive reduction (396.5502ms)
✔ 29572: normalized rig, fixed feet, independent rifle grips and neutral restoration (437.0158ms)
✔ 9998: closed connected surfaces, scale and species landmarks survive reduction (168.4106ms)
✔ 9998: normalized rig, fixed feet, independent rifle grips and neutral restoration (60.914ms)
✔ 10k variant is reduced from the stored 30k author, preserving every garment and head component (0.4186ms)
✔ finished explosive and flamethrower sprites suppress temporary equipment overlays (2.1338ms)
✔ every equipped weapon has artwork for the full cast, with a common ground baseline (1.8853ms)
✔ stance artwork covers every loadout and stays grounded while changing silhouette (1.6553ms)
✔ 29988: closed connected surfaces, scale and species landmarks survive reduction (578.7168ms)
✔ 29988: normalized rig, fixed feet, independent rifle grips and neutral restoration (572.4656ms)
✔ 10184: closed connected surfaces, scale and species landmarks survive reduction (146.4964ms)
✔ 10184: normalized rig, fixed feet, independent rifle grips and neutral restoration (89.642ms)
✔ 10k variant is reduced from the stored 30k author, preserving every garment and head component (0.3285ms)
✔ depots accept only rations at the marked input in every rotation and stockpile 32 (3.8199ms)
✔ workers prefer a reachable stocked depot and each consume exactly one reserved portion (7.7637ms)
✔ unreachable or empty depots preserve conveyor-end fallback (7.3219ms)
✔ deleting a targeted depot cancels the trip and undo restores its stock (3.903ms)
✔ full depot backs up the return belt but never blocks bread deliveries (333.7058ms)
✔ starter food chains deliver to depots and workers eat outside their footprints (277.7682ms)
✔ 29850: closed connected surfaces, scale and species landmarks survive reduction (518.9424ms)
✔ 29850: normalized rig, fixed feet, independent rifle grips and neutral restoration (326.2468ms)
✔ 10446: closed connected surfaces, scale and species landmarks survive reduction (137.1031ms)
✔ 10446: normalized rig, fixed feet, independent rifle grips and neutral restoration (95.5293ms)
✔ 10k variant is reduced from the stored 30k author, preserving every garment and head component (0.4031ms)
✔ donkey 28898: closed connected surfaces and species landmarks (572.8457ms)
✔ donkey 28898: rig weights, stable feet and rifle contact (381.8786ms)
✔ donkey 10110: closed connected surfaces and species landmarks (161.3702ms)
✔ donkey 10110: rig weights, stable feet and rifle contact (112.0918ms)
✔ donkey reduction preserves all author components (6.0295ms)
✔ neck separates jaw from scarf while preserving the skull size and paint registration (198.6232ms)
✔ connected wheat → flour → bread line delivers to farmhouse (63.7578ms)
✔ disconnected output backs up with bounded inventory (17.945ms)
✔ only the marked input accepts the correct product and direction (0.421ms)
✔ straight lines snap to dominant axis and reverse travel with drag (1.2968ms)
✔ 3 × 3 footprints and entire lines reject collisions atomically (0.3919ms)
✔ rotated buildings use corresponding side ports (9.0343ms)
✔ conveyors turn corners without destroying parcels (0.4824ms)
✔ restoring an undo snapshot restores layout and inventory (23.2424ms)
✔ two incoming belts cannot duplicate or overwrite cargo at a merge (0.3085ms)
✔ fruit goes through pressing, fermentation and bottling before delivery (95.2213ms)
✔ grain, dairy and sugar branches converge into delivered cakes (179.951ms)
✔ cake recipe waits for all three ingredients without consuming the others (2.8435ms)
✔ all three ingredient ports rotate and reject wrong goods (3.6338ms)
✔ one full ingredient buffer cannot occupy another ingredient buffer (0.3861ms)
✔ connecting an example does not overwrite a moved or rotated layout (0.2713ms)
✔ complete model catalog renders finite geometry without mutating collision or map data (47.5478ms)
✔ rectangular props rotate their complete model around the saved footprint and preserve upper elevation (1.0828ms)
✔ model primitives have finite triangle surfaces and unit extents, including a continuous roof slope (3.4137ms)
✔ all boundary and ground types retain support and windows retain their opening (1.0652ms)
✔ 29586: closed connected surfaces, scale and species landmarks survive reduction (515.4561ms)
✔ 29586: normalized rig, fixed feet, independent rifle grips and neutral restoration (424.4603ms)
✔ 9994: closed connected surfaces, scale and species landmarks survive reduction (113.6178ms)
✔ 9994: normalized rig, fixed feet, independent rifle grips and neutral restoration (133.8338ms)
✔ 10k variant is reduced from the stored 30k author, preserving every garment and head component (0.3232ms)
✔ 29952: closed connected bird and garment surfaces within budget (127.3237ms)
✔ 29952: wing articulation preserves feet, body and neutral restoration (120.6438ms)
✔ 10348: closed connected bird and garment surfaces within budget (48.2079ms)
✔ 10348: wing articulation preserves feet, body and neutral restoration (19.9903ms)
✔ hen reduction derives from author and retains all species components (0.4967ms)
✔ hen four-view paint frame contains wings, comb, toes and tail (58.5186ms)
✔ grey sculpt has connected closed surfaces, finite normals and grounded prototype height (22402.9854ms)
✔ horse-light-data.json: closed and connected within triangle budget (53.5624ms)
✔ horse-light-data.json: weighted neutral mesh reproduces the stored form and every skin weight is valid (437.5346ms)
✔ horse-light-data.json: carry deforms actual arms, keeps feet planted and puts hand geometry around independent rifle grips (252.8569ms)
✔ horse-10k-data.json: closed and connected within triangle budget (16.3882ms)
✔ horse-10k-data.json: weighted neutral mesh reproduces the stored form and every skin weight is valid (139.0844ms)
✔ horse-10k-data.json: carry deforms actual arms, keeps feet planted and puts hand geometry around independent rifle grips (130.9101ms)
✔ paint projection matches actual reference cameras at every cardinal view (2.5986ms)
✔ paint validity removes connected neutral background, preserving enclosed grey paint (70.7554ms)
✔ catalog silhouettes are finite, distinguish open containers and retain structure openings (936.258ms)
✔ campaign travel and return retain hybrid geometry and persistent squad state (8165.9095ms)
✔ real engine movement opens shared geometry; rendered observer cannot change replay (1098.3536ms)
✔ standing, kneeling and facing-aware prone volumes participate in nearest friendly fire (88.0759ms)
✔ window geometry deliberately differs from legacy and sight uses actual aimed regions (108.5393ms)
✔ upper floors, stair holes, door updates and destruction invalidate the shared world (244.195ms)
✔ grenades retain a swept parabola, roofs intercept arcs, and scatter stays seeded (76.5196ms)
✔ roof underside blast leaves the impact face and still shields actors above it (189.584ms)
✔ requested aim cannot override a nearer physical region and pellets aim at prone head XY (123.9101ms)
✔ nearest-direction bound covers angular midpoints and has the corrected denominator (1.2979ms)
✔ sector selection rejects unsupported headings and chooses both sides of each boundary (0.3553ms)
✔ candidate cards preserve all pixel distances and fixed guide anchors without muzzle fitting (1.6045ms)
✔ manual landmark uncertainty prevents false passes and all measured tips remain in their crop (34.2875ms)
✔ door and window openings pass rays while solid wall and sill block them (1.6197ms)
✔ vertical rays hit the optional roof and intersection chooses the nearest surface (0.4157ms)
✔ actual low-poly barrel cap and axis follow physical muzzle through continuous headings and floors (104.8614ms)
✔ pose rig preserves limb lengths and actual gloves intersect the rifle contact volumes (17.6858ms)
✔ relaxed carry lowers elbows while retaining hand contact and upright bounds (34.9251ms)
✔ animated poses retain limb lengths, ground clearance and planted walking contacts (718.9518ms)
✔ discharge uses physical muzzle before recoil and timestamp evaluation is repeatable (17.4875ms)
✔ brick density follows world distances across tall, short and neighboring faces (19.84ms)
✔ painted room material keeps four brick widths and ten courses per repeat (0.4105ms)
✔ shared slab sides are culled while perimeter and stair-hole edges remain (1.5718ms)
✔ rigid art preview preserves distances and ground anchor without heading-dependent deformation (1.4385ms)
✔ opaque sprite bounds calibrate all stances and prone long axis follows eight headings (160.5321ms)
✔ measured painted muzzle maps to actual firing origin across all calibration poses (144.9721ms)
✔ canonical fixture validates and round-trips unknown metadata without mutation (267.792ms)
✔ prototype dimensions, upper floor and 2:1 diamond use one axis conversion (0.6997ms)
✔ door transaction, window boundaries, lintel and roof hit actual shared surfaces (96.2529ms)
✔ unsupported content has explicit diagnostics and stair opening is preserved (54.6789ms)
✔ negative boundary edges and diagonal chunk traversal agree with brute force (65.6725ms)
✔ upper floor and rotated cover use map coordinates; IDs independent of prop order (30.1475ms)
✔ loot artwork follows remaining inventory and never leaves ghost guns after pickup (3.3822ms)
✔ dead firearm users show their equipped gun and only nonempty matching ammo (0.3808ms)
✔ fallen guards remain drawable after refresh removes live detection, respecting floor and exploration (175.2167ms)
✔ drop rendering skips pending images and scales the ground layout with camera zoom (0.6885ms)
✔ softened parts retain finite surfaces and intended depth at small and structural sizes (43.2398ms)
✔ painted doorway retains a clear one-tile opening and horse asset is not part of scenery (177.6176ms)
✔ 29996: closed connected surfaces, scale and species landmarks survive reduction (474.8496ms)
✔ 29996: normalized rig, fixed feet, independent rifle grips and neutral restoration (408.9356ms)
✔ 9998: closed connected surfaces, scale and species landmarks survive reduction (150.3698ms)
✔ 9998: normalized rig, fixed feet, independent rifle grips and neutral restoration (93.0855ms)
✔ 10k variant is reduced from the stored 30k author, preserving every garment and head component (0.5199ms)
✔ paint frame matches its four cameras and contains ears, belly and body (49.8027ms)
✔ 29978: closed connected surfaces, scale and species landmarks survive reduction (478.6289ms)
✔ 29978: normalized rig, fixed feet, independent rifle grips and neutral restoration (450.502ms)
✔ 9988: closed connected surfaces, scale and species landmarks survive reduction (143.6605ms)
✔ 9988: normalized rig, fixed feet, independent rifle grips and neutral restoration (98.3647ms)
✔ 10k variant is reduced from the stored 30k author, preserving every garment and head component (0.4385ms)
✔ paint frame matches its four cameras and contains cap, ears and body (46.1652ms)
✔ foreman author: corrected body preserves head, registered paint and unit normals (364.8384ms)
✔ foreman 10k: corrected body preserves head, registered paint and unit normals (180.8033ms)
✔ director author: corrected body preserves head, registered paint and unit normals (360.0343ms)
✔ director 10k: corrected body preserves head, registered paint and unit normals (124.3302ms)
✔ 29972: closed connected surfaces, scale and species landmarks survive reduction (600.4279ms)
✔ 29972: normalized rig, fixed feet, independent rifle grips and neutral restoration (303.5252ms)
✔ 10156: closed connected surfaces, scale and species landmarks survive reduction (207.5402ms)
✔ 10156: normalized rig, fixed feet, independent rifle grips and neutral restoration (85.8569ms)
✔ 10k variant is reduced from the stored 30k author, preserving every garment and head component (0.7897ms)
✔ Red Hats have every armed stance with valid transparent frames and a shared baseline (1322.3149ms)
✔ all compatible bank edges match RGBA, including unconnected land edges (24.1305ms)
✔ banks remain land at closed edges, transparent at connected openings (0.5053ms)
✔ river banks retain open centers in isolated pools and open water under bridges (3.4874ms)
✔ adjacent water quadrants agree on shared edge corners across surrounding terrain (22.4131ms)
✔ 30756: closed connected surfaces, scale and species landmarks survive reduction (570.8359ms)
✔ 30756: normalized rig, fixed feet, independent rifle grips and neutral restoration (436.2009ms)
✔ 10476: closed connected surfaces, scale and species landmarks survive reduction (86.0185ms)
✔ 10476: normalized rig, fixed feet, independent rifle grips and neutral restoration (105.06ms)
✔ 10k variant is reduced from the stored 30k author, preserving every garment and head component (0.312ms)
✔ scarf ends have outward-facing volume and clear the actual shirt and vest in both meshes (205.1406ms)
✔ all compatible corner tile boundaries match across every variant (31.4605ms)
✔ variants change interiors while preserving midpoint crossings (0.7137ms)
✔ skunk has all 30 outfit, weapon and stance combinations (102.1129ms)
✔ skunk guards survive map validation and game creation with every weapon (65.4222ms)
✔ 29934: closed connected surfaces, scale and species landmarks survive reduction (611.3811ms)
✔ 29934: normalized rig, fixed feet, independent rifle grips and neutral restoration (386.4186ms)
✔ 9998: closed connected surfaces, scale and species landmarks survive reduction (132.2608ms)
✔ 9998: normalized rig, fixed feet, independent rifle grips and neutral restoration (192.7568ms)
✔ 10k variant is reduced from the stored 30k author, preserving every garment and head component (0.7456ms)
✔ wide paint frame matches its four cameras and contains the complete tail and body (38.9077ms)
✔ a pistol shot alerts guards within twenty-four tiles and only makes those beyond suspicious (441.2336ms)
✔ a rifle shot carries forty-eight tiles (322.482ms)
✔ a guard firing alerts its colleagues too, and an already alert guard keeps its own fix (202.6046ms)
✔ melee makes no report (288.9075ms)
✔ block JSON roundtrip preserves all three levels and terrain geometry without squad markers (41.3254ms)
✔ place block into sector10,10 transforms edges and climbs and is undoable (917.0758ms)
✔ block placement rejects obstructed squad starts atomically (43.45ms)
✔ sector capture rejects crossing props and roof links (1.5318ms)
✔ block import rejects malformed bounds and unknown content (61.5902ms)
✔ replacing a sector removes old content on all levels but keeps neighboring designs (148.7735ms)
✔ block import rejects falsy floor values and aliased edges (2.7443ms)
✔ defeat captures stabilized mercs and kills every bleeding merc immediately (338.7784ms)
✔ captured mercs are not corpses or XP recipients and never auto-revive (255.7475ms)
✔ shared clock advances from real elapsed time, pauses without catch-up, and rolls over days (283.6077ms)
✔ production is independent of frame size and begins only after liberation (662.9107ms)
✔ rest advances the same clock, heals living troops to their cap, refills AP and produces income (201.3076ms)
✔ training grants existing progression rewards without healing or training captured troops (225.8998ms)
✔ unsafe, queued and invalid downtime takes no time or money and grants no rewards (175.139ms)
✔ travel advances the campaign clock exactly one hour and keeps training results (1360.6149ms)
✔ all five connection types preserve metadata through block and map JSON (563.5411ms)
✔ one element per direction rejects multiple roads and compound features (29.1064ms)
✔ adjacent roads match exact widths and reject atomically; later painting invalidates rules (79.7036ms)
✔ cliffs match height and side and fences match materials (156.9443ms)
✔ seeded generation produces 100 matched road blocks with valid starts and deterministic output (433.5404ms)
✔ unsatisfiable and overpopulated libraries fail without touching source blocks (35.4745ms)
✔ user checkpoint matches the four intended directions (17.1933ms)
✔ road and river openings reject barriers at the seam (18.2806ms)
✔ flat elevation and explicit seam conflicts cannot silently match (226.7433ms)
✔ movement cost reflects free exploration, combat budget and unavailable routes (218.3075ms)
✔ attack labels retain weapon cost when ammunition or AP prevents shooting (157.0026ms)
✔ ground, friendly selection and detected enemy targeting match their cursors (215.9444ms)
✔ bolt cutter action requires held cutters, reachable known wire fence, and enough AP (352.8929ms)
✔ fence picking uses its raised visible face, selected floor and adjacent edge (141.0419ms)
✔ hand interactions respect loot visibility, adjacency and blocking edges (271.8572ms)
✔ all four diagonals use3/6/12AP for standing kneeling prone (2424.7908ms)
✔ every corner edge and either obstructed flank blocks a diagonal in both directions (5.345ms)
✔ living flank occupants block diagonals and queued movement rechecks late blockers (170.3335ms)
✔ diagonal upper movement needs support in both flank tiles and destination (0.9218ms)
✔ mixed cardinal and diagonal path uses optimal octile distance (100.081ms)
✔ melee guard can strike from diagonal adjacency (174.3688ms)
✔ Easy automatic stabilization waits for encounter clear and restores 5 HP (239.489ms)
✔ Standard grants six squad turns and whole-squad incapacitation still loses on Easy (504.6956ms)
✔ difficulty follows the campaign to new local maps (392.3866ms)
✔ factory income depends on shortest route from fixed start; yards and unreachable factories earn nothing (447.6416ms)
✔ successful travel advances an hour of factory production; rejected travel takes no time (2426.2889ms)
✔ rectangles include both corners, reverse, shrink and clamp to workspace (10.6487ms)
✔ wall lines lock starting axis and preserve outer boundary and elevation (0.455ms)
✔ roof rectangle and wall line each form one reversible saved-map change (102.7577ms)
✔ a multi-tile paint stroke undoes and redoes as one operation (38.8035ms)
✔ walls and doors replace shared edges without changing terrain; erasure undoes (88.8883ms)
✔ starts and travel marker are protected from crates and overlapping actors (13.8874ms)
✔ guards cap at 46; editing and deleting a guard preserves valid schema (929.3182ms)
✔ room footprints fit bounds, can rotate, and create open door edges (4.2733ms)
✔ replace/import is undoable, malformed import cannot alter the working map (45.3104ms)
✔ disconnected drafts roundtrip for repair but cannot become playable definitions (50.6763ms)
✔ upper roofs create support and erased tiles and legacy crates can be restored with undo (59.6259ms)
✔ prop placement checks whole footprint and cached lookups follow placement/erase/undo (86.6462ms)
✔ rotated props fit 1x2 and reject walls, unsupported floors and protected starts (53.6543ms)
✔ all new brush data survives a portable JSON roundtrip (62.7671ms)
✔ later wall edits cannot bisect a two-cell prop (49.0425ms)
✔ clear landscape reaches75 while character detection stops at60, with current terrain caches (716.6684ms)
✔ unknown obstacle variants produce identical initial routes and reveal no endpoint validity (1029.5411ms)
✔ navigation reaches unknown destination and reroutes around newly revealed obstacles (10383.8115ms)
✔ newly revealed blocked destination stops without claiming arrival (595.8178ms)
✔ spotting a distant guard stops movement without automatically alerting him (893.9316ms)
✔ long combat orders move only affordable steps and never resume next turn (610.758ms)
✔ terrain caches invalidate on walls and agree with exact LOS through window openings (612.7195ms)
✔ rockets collide with the first wall or body; grenades arc over a low wall (309.8881ms)
✔ arcs hit ceilings and solid upper floors instead of teleporting through them (238.6171ms)
✔ blasts breach wall edges and props, invalidate prop caches, and open navigation (186.0951ms)
✔ blast damage falls with 3D distance and intact floors shield other levels (231.1148ms)
✔ beyond effective range has severe scatter, elevation extends launcher reach, and throws are bounded (198.5986ms)
✔ terrain firing consumes AP and ammunition once, causes strain, and awards kill relief (273.5889ms)
✔ blast friendly fire damages survivors and records their reaction, without body-zone bonuses (270.5243ms)
✔ a grenade aimed over a missing upper floor falls until it hits physical ground (242.7342ms)
✔ surviving walls block blast damage and near misses do not erase distant scenery (191.9058ms)
✔ self damage is possible, and invalid terrain shots never spend resources (175.3178ms)
✔ feature lines run the whole grid and crossings require exact ports (2.4441ms)
✔ planned map fills the road/fence crossing, keeps all offsets and roundtrips (1131.5231ms)
✔ missing crossing reports exact sector and cannot mutate the plan or library (127.2432ms)
✔ seeded lines deterministic and malformed plans rejected (98.8887ms)
✔ a straight fence cannot drift between its north and south edges (90.6987ms)
✔ the nozzle table covers every flamethrower sprite and matches a fresh measurement of the PNGs (443.0478ms)
✔ nozzle measurement finds the muzzle face and barrel axis, ignoring a flared tip (1.7805ms)
✔ nozzle offsets repeat the renderer sprite placement for both facings and the vector overlay (1.2707ms)
✔ attack effects play back to back, flame bursts take their own time, and bullets keep the old rule (1.0297ms)
✔ a burst draws finite, outlined, single-winding shapes for every outcome, facing and moment (8941.9686ms)
✔ bursts are deterministic for a seed and differ between seeds (9.7588ms)
✔ pose helpers stay still outside their windows and a burned body is held until the flame lands (1.5157ms)
✔ a miss lands on the floor beside the target, short of it, on a side chosen by the seed (1.5943ms)
✔ tank detonation thresholds are per successful hit: torso 25%, weapon 90% (1839.1744ms)
✔ misses, head/leg hits, empty tanks and absent tanks never detonate (1024.8579ms)
✔ explosion kills wearer and adjacent allies permanently, ignites through radius five, and respects floors (357.9059ms)
✔ burning units cannot act, flee on three turns, then recover even after combat ends (596.5388ms)
✔ short-range flame hits are lethal for either team and survivors panic (1101.7518ms)
✔ flamethrower supports inventory size, fuel reload and editor roundtrip (261.325ms)
✔ fire keeps turn mode alive after the final guard dies and expires after three rounds (489.7224ms)
✔ walking into fire cancels the route and ignition during an enemy turn still lasts three panic turns (669.4267ms)
✔ attack events name the shooter and target and list every unit the shot put down (1405.7274ms)
✔ rifles need adjoining cells in one row, and items can be manually positioned (175.6682ms)
✔ two large weapons fit ready slots and swap free even with zero AP (153.9696ms)
✔ fragmented space rejects a rifle without mutations; existing ammo stack fits full bag (163.7095ms)
✔ four characters advance in a single tick and retain offsets at destination (2161.8213ms)
✔ group stop cancels every route and combat spends each members movement AP (961.8619ms)
✔ blocked formation slots use distinct nearby destinations without overlaps (1630.6636ms)
✔ aimed torso retains existing shot while head trades accuracy for damage (163.3995ms)
✔ one-tile formation movement uses teammates vacated cells (507.5779ms)
✔ prone observer cannot see over nearby low cover; standing restores detection and terrain immediately (472.1877ms)
✔ window sill hides legs while head and torso remain exposed; hidden aim never spends resources (349.1123ms)
✔ stance changes alter the target body heights; prone targets disappear behind a sill (312.0845ms)
✔ shared sight does not unlock a body part hidden from the selected shooter (314.6274ms)
✔ solid floors block vertical sight for all stances and targeted zones (240.3782ms)
✔ enemy chooses an exposed head rather than firing at a hidden torso (278.7107ms)
✔ destroying low cover invalidates fog and exposes a target to a prone observer (342.4258ms)
✔ cutters must occupy held slot 0 to open adjacent wire fence (488.2478ms)
✔ cutters must occupy held slot 1 to open adjacent wire fence (364.3254ms)
✔ combat equip costs 3 AP, cutting costs 4 AP, and replacing cutters returns them to the bag (340.8573ms)
✔ equipping and stowing cutters reject full backpack without losing equipment (108.9593ms)
✔ equipped swaps are free at zero AP; unavailable weapons cannot be conjured (209.966ms)
✔ partial reload consumes finite compatible rounds and cannot create ammunition (167.5867ms)
✔ drop, pickup and teammate transfer preserve loaded weapon and reject duplicate or full grid atomically (193.311ms)
✔ active layers retain full contrast and other layers fade with distance (1.9499ms)
✔ compositor isolates sprite alpha, clears each layer and uses backing resolution (0.6169ms)
✔ walls live on shared edges, never occupy either neighboring tile (324.3905ms)
✔ door edges permit passage and sight in both directions (227.462ms)
✔ diagonal sight cannot leak through a wall endpoint and is reciprocal (198.7065ms)
✔ movement rechecks barriers instead of trusting queued path (526.2762ms)
✔ map schema rejects malformed maps and unreachable starts, roundtrips good data (91.7142ms)
✔ generated layouts are deterministic, connected and have four starts / 46 guards (13518.2188ms)
✔ wall picking selects the same shared barrier from either tile (0.382ms)
✔ lethal guard damage incapacitates squad for six treatment turns (210.9996ms)
✔ bleeding lasts five ends and expires on the sixth, even after last guard dies (282.8564ms)
✔ medical skill changes AP cost and stabilization consumes one medkit exactly once (212.4573ms)
✔ treatment rejects walls, other levels, range and insufficient AP without consuming supplies (29.3221ms)
✔ cutters make one adjacent chainlink edge passable, charge once, and reject railings (199.1411ms)
✔ walkable bush and parapet cover protects occupants while reeds and metal roofs do not (366.0074ms)
✔ roof modules remain walkable on upper floors and reject walls through any interior edge (585.2757ms)
✔ builder guard outfits survive export and use armed and prone Red Hats art in game (86.6465ms)
✔ every new prop can be placed, exported, reloaded and used by game collision in both orientations (122.9215ms)
✔ jail barriers block movement but allow sight, and cut fence allows crossing (0.9091ms)
✔ a shorter reservation holds ammunition until enemy enters its radius (462.4009ms)
✔ invalid ranges spend no AP; weapon changes clamp saved distance (239.2647ms)
✔ overlay shades walls darker, opens door lanes, respects facing and distance (258.3564ms)
✔ the tactics Pages build lists every local module and page its listed files reference (286.5491ms)
✔ cone boundaries wrap and do not reveal rear targets (1.5623ms)
✔ turning invalidates terrain visibility, preserves memory, without spending AP (522.2672ms)
✔ shared sight cannot fire outside personal cone or through a wall (268.4073ms)
✔ incoming shot gives a rear-facing guard a response (256.7731ms)
✔ mercs have separate authored voices, relationships and persistent personal memories (328.2764ms)
✔ landed replies form a finite chain, spend loaded rounds and no AP, and do not reload (273.6398ms)
✔ an unarmed or empty recipient quips and cannot get a free weapon switch (469.2489ms)
✔ retaliation interrupts a burst and stops its remaining rounds if the shooter falls (224.4658ms)
✔ incapacitated recipients cannot reply (233.2378ms)
✔ burning recipients cannot retaliate and missed replies do not cause another reaction (501.9746ms)
✔ history and distrust increase retaliation; medical help rebuilds trust; rest preserves grudges (214.1484ms)
✔ shared XP grants three points every100XP; training atomically spends and never refills health/AP (368.9578ms)
✔ species traits remain separate and derived stats are idempotent (244.083ms)
✔ one guard death awards XP once and friendly attacks cannot farm it (227.1566ms)
✔ skill caps, medical cap and campaign transfer preserve progression (438.4219ms)
✔ accurate shots strike the nearest unit regardless of team, including allies beside the muzzle (29.3182ms)
✔ missed rounds can hit a diagonally adjacent ally and never hit a unit behind the shooter (1.4436ms)
✔ a near miss continues past the intended target and can hit someone behind it (3.0624ms)
✔ walls and exact corner joins stop rays before units; open doors and chainlink pass rounds (9.3837ms)
✔ low cover, window frames, stance height and upper floors participate in actual collision (3.5231ms)
✔ bullets stop at ground and map bounds without leaving the playable map (0.8677ms)
✔ a real burst charges once, traces each round, damages the blocking ally and preserves target health (426.0986ms)
✔ incidental torso hits can detonate a friendly flamethrower and cancel remaining burst shots (255.6379ms)
✔ scatter is reproducible and enemies can hit other guards (858.8036ms)
✔ every agreed range is executable at its boundary and rejected just past it (2616.0214ms)
✔ range-normalized accuracy preserves long-range rifles and weak pistols (981.41ms)
✔ flame damage falls with distance while close hits remain lethal (307.2618ms)
✔ one shotgun shell produces six collision paths but charges AP and ammunition once (224.8017ms)
✔ shotgun concentration falls at range, with missed pellets colliding with nearby allies (13919.5768ms)
✔ sniper guards can pay for an eight-AP shot and new loadouts survive editor parsing (85.3565ms)
✔ automatic weapons fire physical three-round bursts and reject insufficient ammunition (240.3001ms)
✔ SMG rounds and buckshot pellets share pistol damage and penetration class (106.9401ms)
✔ new automatic weapons survive editor serialization and have Factory supplies (262.3096ms)
✔ overwatch reserves AP once and fires only one round without double charge (285.6202ms)
✔ free weapon swap or turn cancels reserved reaction without refund (342.3018ms)
✔ overwatch respects cone, walls and empty ammunition (195.5663ms)
✔ stealth lowers detection distance and adds movement AP (238.8214ms)
✔ unseen noise is approximate and investigation never reveals a target through walls (335.8599ms)
✔ formation orders cancel reservations and group footsteps create noise (451.1718ms)
✔ ordinary rest heals gradually over two days, independent of rest chunk size (679.3593ms)
✔ selected trained medic and one kit per wounded troop restore health in one day (142.5745ms)
✔ short courses heal gradually and continue without consuming another medkit (227.1854ms)
✔ ordinary rest continues an existing medical course (113.4148ms)
✔ medical care rejects untrained, unavailable medics and insufficient kits atomically (455.8812ms)
✔ healthy, dead and captured troops consume no medical supplies and cannot be revived (173.847ms)
✔ the overmap is a grid: links derive from tile positions and the far side of each edge is known (319.2916ms)
✔ leaving needs the ground-level border band on a side with a map beyond it, and one step of AP in combat (1378.3676ms)
✔ one crosser leaves the fight: off the map for guards and tiles, AP spent, comrades stay in combat (680.1654ms)
✔ the last standing member crossing moves the squad: crossers land on the far border at their row, the clock advances an hour (823.3412ms)
✔ downed comrades left behind meet the defeat rule: stabilized are captured, bleeding die (1100.9117ms)
✔ a fight lost after a comrade crossed is not a wipe: the crosser arrives, the fallen are recorded, the run continues (965.1689ms)
✔ crossers commit the squad to one destination; the travel marker follows them and merges arrivals (813.1758ms)
✔ crossing into a generated map with water or void on its edge still lands on walkable ground near the entry row (1336.6199ms)
✔ a crosser has no body: a guard firing along the row it left hits the comrade behind it, never the crosser (658.6067ms)
✔ a crosser has no body for a blast either (526.1311ms)
✔ a waiting crosser can come back across the edge onto the tile it left, for a step of AP in combat, unless it is blocked (697.9376ms)
✔ rest and training wait for the squad to regroup (318.6134ms)
✔ crossing mid-turn does not refill the turn: a squad that crossed with 10 AP into a live contact keeps 10, and crossing clears overwatch (768.8294ms)
✔ a map left mid-fight is re-entered as a fresh contact, not a frozen turn: guards stay alert, the round advances, AP is full (813.4719ms)
✔ a map lost after a crossing can be re-entered: the fallen stay fallen, the record moves to the world, the survivor can act (596.2366ms)
✔ a retreat from the yard westward resolves to the factory, not to a hard-coded neighbour (521.7384ms)
✔ a comrade waiting beyond the edge gets the new round like everyone else, so a return is charged from a fresh turn (447.5621ms)
✔ a return is a step: it walks into a fire on the tile and makes a footstep (258.9374ms)
✔ abandoned comrades are written to the run record once, and a second loss on the same map lists only what it cost (550.408ms)
✔ marked roof climbs traverse exactly one adjacent level for6AP in either direction (478.2008ms)
✔ roof geometry rejects missing support, blocked upper edge, blocked headroom and multi-level records (83.5035ms)
✔ roof editor creation, endpoint protection, roundtrip and erase undo remain consistent (104.4685ms)
✔ queued climb stops if its upper edge is blocked before execution (3402.2094ms)
✔ two-level uphill range costs2tiles, downhill has no vertical distance tax, melee unchanged (162.0386ms)
✔ guard roof approach cost includes standing movement (2691.1344ms)
✔ enemy AI spends6AP to climb toward a remembered rooftop target (161.8224ms)
✔ ladders cost3AP, stairs2AP and old connections remain stairs (291.2645ms)
✔ fences block crossing but not sight or cover, walls block both (219.5899ms)
✔ two-tile props occupy both cells, tall crates occlude and pallets stay walkable (202.1934ms)
✔ uphill adds range distance while downhill retains normal reach and solid floors (154.4165ms)
✔ seeded river sectors match sockets and make exactly two bridges in either orientation (11378.6054ms)
✔ river rules reject a missing bridge deck, blocked road or incompatible sector (15.8803ms)
✔ queued vertical movement uses the current ladder AP cost (252.794ms)
✔ downhill spotting uses the same60tile character cap (86.2151ms)
✔ bridge-sector approach cells must stay walkable, not only the water crossing (30.1331ms)
✔ 240-square maps support 50 actors and reject actor 51 (1550.5516ms)
✔ stairs link three floors, cost 2 AP, and level occupancy is independent (943.7524ms)
✔ queued stair movement rechecks removed connections (2834.7843ms)
✔ solid floors stop vertical fire; stair openings allow it without imaginary cover (121.3334ms)
✔ sight can pass a platform edge in both directions (145.7058ms)
✔ upper-floor brushes and stairs undo together without touching ground (33.2909ms)
✔ version-one 28x24 drafts retain all contents in the expanded ground floor (19.4667ms)
✔ a dead distant arrival start does not reveal terrain or alert guards (804.743ms)
✔ travel gathers characters on the marker floor, not just matching XY (127.5339ms)
✔ large-map routes stay legal and a full 50-character enemy phase terminates (5601.4784ms)
✔ every roster species has a sight entry with bino <= field <= 360 and a usable fall-off (2.1912ms)
✔ identification range is non-increasing in bearing, full inside the binocular core and zero beyond the field (4.0098ms)
✔ identification never exceeds detection at any bearing, and detection saturates inside the field (36.9734ms)
✔ a wider field with the same other parameters sees a superset of bearings (1.9594ms)
✔ a flat cone without a species keeps the old rule: full range inside, nothing outside (0.497ms)
✔ a still guard in the periphery beyond the identify lobe is unseen; a moving one is glimpsed, not identified (531.6382ms)
✔ a guard that glimpses a moving worker gains approximate suspicion, not alert; identification alerts it (787.1433ms)
✔ neither a glimpse nor identification passes a wall (386.0435ms)
✔ terrain reveal follows the species field, not a flat 120 degree cone (218.71ms)
✔ a firing unit counts as moving for the next refresh (266.5353ms)
✔ an attack from the blind notch spins the victim toward the attacker, so it can answer (406.8649ms)
✔ scavenging seeks known compatible ammo instead of abandoning the rifle (504.9088ms)
✔ loaded HMG is collected, equipped, and paid for with normal inventory AP (356.1047ms)
✔ empty duplicate can be exchanged for a loaded drop without creating ammunition (256.5297ms)
✔ empty guns, unseen drops, and incompatible ammunition are not scavenging goals (205.5794ms)
✔ fence orders equip real cutters and spend the normal cutting AP (528.4088ms)
✔ overwatch orders reserve AP without consuming ammunition and lure orders walk normally (282.58ms)
✔ sneak orders use the actual stealth toggle and respect unavailable actors (293.1164ms)
✔ normal squad behavior picks up an adjacent HMG before advancing (220.8289ms)
✔ all six direct stance transitions cost exactly2AP; repeat/invalid/insufficient changes do nothing (5461.3272ms)
✔ standing kneeling and prone routes debit2/4/8AP per tile and reject over-budget routes (1311.2239ms)
✔ movement locks stance changes and rechecks live stance cost before a queued step (328.7951ms)
✔ stance controls reject enemy turns and fallen characters; exploration stays free (462.4749ms)
✔ climbing requires standing and preserves the established vertical AP cost (1274.619ms)
✔ enemy standing movement spends2AP per tile (323.8651ms)
✔ stance survives AP refresh and local-map travel (673.1143ms)
✔ seeing a rear-facing guard does not alert him (146.0986ms)
✔ cover, sneaking and prone stance lower acquisition chance (56.4506ms)
✔ acquisition has both outcomes and no refresh or combat RNG rerolls (97.5907ms)
✔ woodland blocks distant contacts and terrain through intervening cells (247.4497ms)
✔ woodland diagonal lengths and partial endpoints use ray geometry (58.4197ms)
✔ woodland and guard facing survive map roundtrip and editor undo (173.9015ms)
✔ enemy bullets raise both meters by actual injury, and stress/fatigue stay bounded (339.1562ms)
✔ only a kill relieves the shooter, and fatigue does not disappear with the kill (303.1067ms)
✔ normal and medical rest reduce both meters while training does not (591.9428ms)
✔ window aperture permits centered sight but blocks movement, sill and outer frame rays (182.1658ms)
✔ closed doors block sight but can be opened along a walking route (504.9094ms)
✔ walking opens a closed door and updates sight and collision without altering the blueprint (797.8751ms)
✔ empty and cleared local maps remain walkable (406.4713ms)
✔ travel requires gathered living squad, adjacency, no queue and no combat (251.0611ms)
✔ world travel preserves squad HP/ammo and visited map enemies/discovery (1891.3879ms)
✔ clearing a map permits departure without reviving fallen squad or guards (850.4542ms)
✔ exact cast, player advantage, legal spawn and long-range initial contact (346.4414ms)
✔ all guards are reachable through factory doors (447.7443ms)
✔ BFS avoids occupied tiles and solid cover; invalid moves never spend AP (398.3226ms)
✔ movement consumes actual path AP and does not overlap (584.1937ms)
✔ walls and diagonal corners block sight, crates provide directional cover (254.8451ms)
✔ fog hides guard behind wall and remembers explored terrain (154.4295ms)
✔ contact interrupts real-time path; LOS break cannot reset AP (402.2472ms)
✔ weapon identities, range, ammo persistence, equip and reload costs (372.5113ms)
✔ burst uses three rounds and 6 AP, rejects undersized magazine (288.4261ms)
✔ exploration opening attack enters combat and spends AP (275.4043ms)
✔ enemy phase locks player controls, terminates, and applies damage (982.9395ms)
✔ cleared encounters resume exploration; cleared maps allow movement and loss locks input (297.3599ms)
✔ same seed produces repeatable shots (440.3655ms)
✔ guard holds firing position when remaining AP cannot pay for another shot (188.5012ms)
✔ animation does not add brightness stripes to uniform water (65.8538ms)
✔ opposite water edges match throughout the loop, including corners (9.8971ms)
✔ animation closes exactly and actually changes between phases (8.3508ms)
✔ PPSh drum end caps, rims and hub face along the actual bore (33.2477ms)
✔ launcher bore aligns with a real top chamber, above the drum center (5.1503ms)
✔ HMG grasp surrounds the named handle with fingers, palm and opposing thumb and clears the shroud (397.7872ms)
✔ changing equipment restores the original hand, skin weights, mesh and triangle budget (129.5713ms)
✔ accepted shotgun and flamethrower retain geometry, materials and equipped carry (225.2263ms)
✔ model catalog covers every gameplay weapon with suitable contact semantics (62.3193ms)
✔ every carry meets actual weapon surfaces and skinned hand geometry; barrel mouths follow heading (618.9862ms)
✔ backpack and hose detach completely when switching to bare hands (72.659ms)
✔ isometric picking recovers tiles after zoom and pan on both diagonal axes (2.8645ms)
✔ workers and pigs stay off footprints and conveyors through all connected plans (380.2626ms)
✔ walking routes go around buildings and cannot cross a conveyor wall (9.2489ms)
✔ farmhouse converts exactly five food deliveries into one ration, excluding alcohol (15.798ms)
✔ ration outlet emits on its marked outside tile in all four rotations (1.1996ms)
✔ a hungry worker reaches the belt end, eats a parcel, and recovers productivity (6.1554ms)
✔ unreachable rations remain on the belt until a walking route opens (9.8286ms)
✔ building over an animal relocates it to open ground; removing its home removes it (0.8405ms)
✔ blocked ration outlet never stops farmhouse deliveries and preserves the ration share (6.3698ms)
✔ undo restores animal positions, hunger, ration inventory and meals together (87.6899ms)
ℹ tests 462
ℹ suites 0
ℹ pass 462
ℹ fail 0
ℹ cancelled 0
ℹ skipped 0
ℹ todo 0
ℹ duration_ms 26206.9284
Verified tactical assets: 36 armed character sprites, 90 stance sprites, base character frames and strips, environment assets, machines, and entrypoints.
